should match snapshot of main persistence:
  1: |
    apiVersion: v1
    kind: PersistentVolumeClaim
    metadata:
      annotations:
        helm.sh/resource-policy: keep
      labels:
        app.kubernetes.io/component: persistence
        app.kubernetes.io/instance: n8n
        app.kubernetes.io/managed-by: Helm
        app.kubernetes.io/name: n8n-main-persistence
        app.kubernetes.io/part-of: n8n
        app.kubernetes.io/version: 1.0.0
        helm.sh/chart: n8n-1.0.0
      name: n8n-main-persistence
    spec:
      accessModes:
        - ReadWriteOnce
      resources:
        requests:
          storage: 8Gi
should match snapshot of worker persistence:
  1: |
    apiVersion: v1
    kind: PersistentVolumeClaim
    metadata:
      annotations:
        helm.sh/resource-policy: keep
      labels:
        app.kubernetes.io/component: persistence
        app.kubernetes.io/instance: n8n
        app.kubernetes.io/managed-by: Helm
        app.kubernetes.io/name: n8n-worker-persistence
        app.kubernetes.io/part-of: n8n
        app.kubernetes.io/version: 1.0.0
        helm.sh/chart: n8n-1.0.0
      name: n8n-worker-persistence
    spec:
      accessModes:
        - ReadWriteOnce
      resources:
        requests:
          storage: 8Gi
