should match snapshot of default values:
  1: |
    apiVersion: v1
    automountServiceAccountToken: true
    kind: ServiceAccount
    metadata:
      annotations:
        eks.amazonaws.com/role-arn: arn:aws:iam::111122223333:role/iam-role-name
      labels:
        app.kubernetes.io/instance: actualbudget
        app.kubernetes.io/managed-by: Helm
        app.kubernetes.io/name: actualbudget
        app.kubernetes.io/version: 1.0.0
        helm.sh/chart: actualbudget-1.0.0
      name: actualbudget
