should match snapshot of default values:
  1: |
    apiVersion: v1
    data:
      DO_NOT_TRACK: "true"
      MLFLOW_CONFIGURE_LOGGING: "true"
      MLFLOW_DISABLE_TELEMETRY: "true"
      MLFLOW_LOGGING_LEVEL: INFO
    kind: ConfigMap
    metadata:
      labels:
        app: mlflow
        chart: mlflow-1.0.0
        heritage: Helm
        release: mlflow
      name: mlflow-env-configmap
should match snapshot of default values with bitnami mysql:
  1: |
    apiVersion: v1
    data:
      DO_NOT_TRACK: "true"
      MLFLOW_CONFIGURE_LOGGING: "true"
      MLFLOW_DISABLE_TELEMETRY: "true"
      MLFLOW_LOGGING_LEVEL: INFO
      MYSQL_DATABASE: mlflow
      MYSQL_HOST: mlflow-mysql
      MYSQL_TCP_PORT: "3306"
    kind: ConfigMap
    metadata:
      labels:
        app: mlflow
        chart: mlflow-1.0.0
        heritage: Helm
        release: mlflow
      name: mlflow-env-configmap
should match snapshot of default values with bitnami postgresql:
  1: |
    apiVersion: v1
    data:
      DO_NOT_TRACK: "true"
      MLFLOW_CONFIGURE_LOGGING: "true"
      MLFLOW_DISABLE_TELEMETRY: "true"
      MLFLOW_LOGGING_LEVEL: INFO
      PGDATABASE: mlflow
      PGHOST: mlflow-postgresql
      PGPORT: "5432"
    kind: ConfigMap
    metadata:
      labels:
        app: mlflow
        chart: mlflow-1.0.0
        heritage: Helm
        release: mlflow
      name: mlflow-env-configmap
should match snapshot of default values with mysql:
  1: |
    apiVersion: v1
    data:
      DO_NOT_TRACK: "true"
      MLFLOW_CONFIGURE_LOGGING: "true"
      MLFLOW_DISABLE_TELEMETRY: "true"
      MLFLOW_LOGGING_LEVEL: INFO
      MYSQL_DATABASE: mlflow
      MYSQL_HOST: mysql-custom-service
      MYSQL_TCP_PORT: "3306"
    kind: ConfigMap
    metadata:
      labels:
        app: mlflow
        chart: mlflow-1.0.0
        heritage: Helm
        release: mlflow
      name: mlflow-env-configmap
should match snapshot of default values with postgres:
  1: |
    apiVersion: v1
    data:
      DO_NOT_TRACK: "true"
      MLFLOW_CONFIGURE_LOGGING: "true"
      MLFLOW_DISABLE_TELEMETRY: "true"
      MLFLOW_LOGGING_LEVEL: INFO
      PGDATABASE: mlflow
      PGHOST: postgres-custom-service
      PGPORT: "5432"
    kind: ConfigMap
    metadata:
      labels:
        app: mlflow
        chart: mlflow-1.0.0
        heritage: Helm
        release: mlflow
      name: mlflow-env-configmap
